[dotenv@17.3.1] injecting env (0) from .env -- tip: ÔÜÖ´©Å  specify custom .env file path with { path: '/custom/path/.env' }

Running 2 tests using 2 workers

[dotenv@17.3.1] injecting env (0) from .env -- tip: ÔÜÖ´©Å  suppress all logs with { quiet: true }
[dotenv@17.3.1] injecting env (0) from .env -- tip: ­ƒöÉ prevent building .env in docker: https://dotenvx.com/prebuild
  Ô£ÿ  1 [chromium] ÔÇ║ tests\post\api\post.api.spec.ts:39:7 ÔÇ║ Post API (Rule 5, 6, 7) ÔÇ║ DELETE /api/posts/:id - should delete a post (Cleanup) (0ms)
  Ô£ÿ  2 [chromium] ÔÇ║ tests\post\api\post.api.spec.ts:21:7 ÔÇ║ Post API (Rule 5, 6, 7) ÔÇ║ POST /api/posts - should create a new post (0ms)


  1) [chromium] ÔÇ║ tests\post\api\post.api.spec.ts:21:7 ÔÇ║ Post API (Rule 5, 6, 7) ÔÇ║ POST /api/posts - should create a new post 

    SyntaxError: Unexpected end of JSON input

      15 |     };
      16 |     const registerRes = await request.post('/api/auth/register', { data: user });
    > 17 |     const body = await registerRes.json();
         |                  ^
      18 |     token = body.data.token;
      19 |   });
      20 |
        at D:\Project\social-media-app\tests\post\api\post.api.spec.ts:17:18

  2) [chromium] ÔÇ║ tests\post\api\post.api.spec.ts:39:7 ÔÇ║ Post API (Rule 5, 6, 7) ÔÇ║ DELETE /api/posts/:id - should delete a post (Cleanup) 

    SyntaxError: Unexpected end of JSON input

      15 |     };
      16 |     const registerRes = await request.post('/api/auth/register', { data: user });
    > 17 |     const body = await registerRes.json();
         |                  ^
      18 |     token = body.data.token;
      19 |   });
      20 |
        at D:\Project\social-media-app\tests\post\api\post.api.spec.ts:17:18

  2 failed
    [chromium] ÔÇ║ tests\post\api\post.api.spec.ts:21:7 ÔÇ║ Post API (Rule 5, 6, 7) ÔÇ║ POST /api/posts - should create a new post 
    [chromium] ÔÇ║ tests\post\api\post.api.spec.ts:39:7 ÔÇ║ Post API (Rule 5, 6, 7) ÔÇ║ DELETE /api/posts/:id - should delete a post (Cleanup) 
